// Bun Snapshot v1, https://goo.gl/fbAQLP

exports[`given width 148 and offset 16, it returns framing info 1`] = `
{
  "cavityCount": 10,
  "completeCavityCount": 9,
  "partialCavity": 0.25,
  "verticalStuds": 11,
}
`;

exports[`given width 48 and offset 16, it returns framing info 1`] = `
{
  "cavityCount": 3,
  "completeCavityCount": 3,
  "partialCavity": 0,
  "verticalStuds": 4,
}
`;

exports[`given width 52 and offset 16, it returns framing info 1`] = `
{
  "cavityCount": 4,
  "completeCavityCount": 3,
  "partialCavity": 0.25,
  "verticalStuds": 5,
}
`;
